[debug] [2026-08-16T04:57:47.908Z] ----------------------------------------------------------------------
[debug] [2026-08-16T04:57:47.909Z] Command:       /usr/local/bin/node /Users/david/Vivaru_Rep/vivaru/node_modules/.bin/firebase projects:list
[debug] [2026-08-16T04:57:47.909Z] CLI Version:   15.9.1
[debug] [2026-08-16T04:57:47.909Z] Platform:      darwin
[debug] [2026-08-16T04:57:47.909Z] Node Version:  v24.13.0
[debug] [2026-08-16T04:57:47.909Z] Time:          Sat Aug 15 2026 22:57:47 GMT-0600 (Central Standard Time)
[debug] [2026-08-16T04:57:47.909Z] ----------------------------------------------------------------------
[debug] 
[debug] [2026-08-16T04:57:47.910Z] >>> [apiv2][query] GET https://firebase-public.firebaseio.com/cli.json [none]
[debug] [2026-08-16T04:57:48.013Z] > command requires scopes: ["email","openid","https://www.googleapis.com/auth/cloudplatformprojects.readonly","https://www.googleapis.com/auth/firebase","https://www.googleapis.com/auth/cloud-platform"]
[debug] [2026-08-16T04:57:48.013Z] > authorizing via signed-in user (dev@qintilab.com)
[debug] [2026-08-16T04:57:48.014Z] Checked if tokens are valid: false, expires at: 1786776997637
[debug] [2026-08-16T04:57:48.014Z] Checked if tokens are valid: false, expires at: 1786776997637
[debug] [2026-08-16T04:57:48.014Z] > refreshing access token with scopes: []
[debug] [2026-08-16T04:57:48.014Z] >>> [apiv2][query] POST https://www.googleapis.com/oauth2/v3/token [none]
[debug] [2026-08-16T04:57:48.014Z] >>> [apiv2][body] POST https://www.googleapis.com/oauth2/v3/token [omitted]
[debug] [2026-08-16T04:57:48.132Z] <<< [apiv2][status] GET https://firebase-public.firebaseio.com/cli.json 200
[debug] [2026-08-16T04:57:48.133Z] <<< [apiv2][body] GET https://firebase-public.firebaseio.com/cli.json {"cloudBuildErrorAfter":1594252800000,"cloudBuildWarnAfter":1590019200000,"defaultNode10After":1594252800000,"minVersion":"3.0.5","node8DeploysDisabledAfter":1613390400000,"node8RuntimeDisabledAfter":1615809600000,"node8WarnAfter":1600128000000}
[debug] [2026-08-16T04:57:48.156Z] <<< [apiv2][status] POST https://www.googleapis.com/oauth2/v3/token 400
[debug] [2026-08-16T04:57:48.156Z] <<< [apiv2][body] POST https://www.googleapis.com/oauth2/v3/token [omitted]
[error] Authentication Error: Your credentials are no longer valid. Please run firebase login --reauth

For CI servers and headless environments, generate a new token with firebase login:ci
[error] Authentication Error: Your credentials are no longer valid. Please run firebase login --reauth

For CI servers and headless environments, generate a new token with firebase login:ci
[debug] [2026-08-16T04:57:48.156Z] Authentication Error: Your credentials are no longer valid. Please run firebase login --reauth

For CI servers and headless environments, generate a new token with firebase login:ci
[debug] [2026-08-16T04:57:48.294Z] FirebaseError: Authentication Error: Your credentials are no longer valid. Please run firebase login --reauth

For CI servers and headless environments, generate a new token with firebase login:ci
    at invalidCredentialError (/Users/david/Vivaru_Rep/vivaru/node_modules/firebase-tools/lib/auth.js:177:12)
    at refreshTokens (/Users/david/Vivaru_Rep/vivaru/node_modules/firebase-tools/lib/auth.js:590:15)
    at process.processTicksAndRejections (node:internal/process/task_queues:103:5)
    at async getAccessToken (/Users/david/Vivaru_Rep/vivaru/node_modules/firebase-tools/lib/apiv2.js:52:18)
    at async Client.addAuthHeader (/Users/david/Vivaru_Rep/vivaru/node_modules/firebase-tools/lib/apiv2.js:182:21)
    at async Client.request (/Users/david/Vivaru_Rep/vivaru/node_modules/firebase-tools/lib/apiv2.js:129:34)
    at async getProjectPage (/Users/david/Vivaru_Rep/vivaru/node_modules/firebase-tools/lib/management/projects.js:287:17)
    at async getFirebaseProjectPage (/Users/david/Vivaru_Rep/vivaru/node_modules/firebase-tools/lib/management/projects.js:304:23)
    at async listFirebaseProjects (/Users/david/Vivaru_Rep/vivaru/node_modules/firebase-tools/lib/management/projects.js:333:29)
    at async Command.actionFn (/Users/david/Vivaru_Rep/vivaru/node_modules/firebase-tools/lib/commands/projects-list.js:51:20)
[error] 
[error] Error: Failed to list Firebase projects. See firebase-debug.log for more info.
